tar -c /dev/null /dev/stdin /dev/stdout /dev/stderr /proc/version